[0.120s] DEBUG:colcon:Command line arguments: ['/usr/bin/colcon', 'build', '--packages-select', 'perception']
[0.120s] DEBUG:colcon:Parsed command line arguments: Namespace(allow_overriding=[], ament_cmake_args=None, base_paths=['.'], build_base='build', catkin_cmake_args=None, catkin_skip_building_tests=False, cmake_args=None, cmake_clean_cache=False, cmake_clean_first=False, cmake_force_configure=False, cmake_target=None, cmake_target_skip_unavailable=False, continue_on_error=False, event_handlers=None, executor='parallel', ignore_user_meta=False, install_base='install', log_base=None, log_level=None, main=<bound method BuildVerb.main of <colcon_core.verb.build.BuildVerb object at 0x7f91211c69d0>>, merge_install=False, metas=['./colcon.meta'], packages_above=None, packages_above_and_dependencies=None, packages_above_depth=None, packages_end=None, packages_ignore=None, packages_ignore_regex=None, packages_select=['perception'], packages_select_build_failed=False, packages_select_by_dep=None, packages_select_regex=None, packages_select_test_failures=False, packages_skip=None, packages_skip_build_finished=False, packages_skip_by_dep=None, packages_skip_regex=None, packages_skip_test_passed=False, packages_skip_up_to=None, packages_start=None, packages_up_to=None, packages_up_to_regex=None, parallel_workers=12, paths=None, symlink_install=False, test_result_base=None, verb_extension=<colcon_core.verb.build.BuildVerb object at 0x7f91211c69d0>, verb_name='build', verb_parser=<colcon_defaults.argument_parser.defaults.DefaultArgumentsDecorator object at 0x7f912111ee80>)
[0.216s] Level 1:colcon.colcon_core.package_discovery:discover_packages(colcon_meta) check parameters
[0.216s] Level 1:colcon.colcon_core.package_discovery:discover_packages(recursive) check parameters
[0.217s] Level 1:colcon.colcon_core.package_discovery:discover_packages(ignore) check parameters
[0.217s] Level 1:colcon.colcon_core.package_discovery:discover_packages(path) check parameters
[0.217s] Level 1:colcon.colcon_core.package_discovery:discover_packages(colcon_meta) discover
[0.217s] Level 1:colcon.colcon_core.package_discovery:discover_packages(recursive) discover
[0.217s] INFO:colcon.colcon_core.package_discovery:Crawling recursively for packages in '/home/pedro/perception_ws'
[0.217s] Level 1:colcon.colcon_core.package_identification:_identify(.) by extensions ['ignore', 'ignore_ament_install']
[0.217s] Level 1:colcon.colcon_core.package_identification:_identify(.) by extension 'ignore'
[0.217s] Level 1:colcon.colcon_core.package_identification:_identify(.) by extension 'ignore_ament_install'
[0.217s] Level 1:colcon.colcon_core.package_identification:_identify(.) by extensions ['colcon_pkg']
[0.217s] Level 1:colcon.colcon_core.package_identification:_identify(.) by extension 'colcon_pkg'
[0.217s] Level 1:colcon.colcon_core.package_identification:_identify(.) by extensions ['colcon_meta']
[0.217s] Level 1:colcon.colcon_core.package_identification:_identify(.) by extension 'colcon_meta'
[0.217s] Level 1:colcon.colcon_core.package_identification:_identify(.) by extensions ['ros']
[0.217s] Level 1:colcon.colcon_core.package_identification:_identify(.) by extension 'ros'
[0.226s] Level 1:colcon.colcon_core.package_identification:_identify(.) by extensions ['cmake', 'python']
[0.227s] Level 1:colcon.colcon_core.package_identification:_identify(.) by extension 'cmake'
[0.227s] Level 1:colcon.colcon_core.package_identification:_identify(.) by extension 'python'
[0.227s] Level 1:colcon.colcon_core.package_identification:_identify(.) by extensions ['python_setup_py']
[0.227s] Level 1:colcon.colcon_core.package_identification:_identify(.) by extension 'python_setup_py'
[0.227s] Level 1:colcon.colcon_core.package_identification:_identify(build) by extensions ['ignore', 'ignore_ament_install']
[0.227s] Level 1:colcon.colcon_core.package_identification:_identify(build) by extension 'ignore'
[0.227s] Level 1:colcon.colcon_core.package_identification:_identify(build) ignored
[0.227s] Level 1:colcon.colcon_core.package_identification:_identify(install) by extensions ['ignore', 'ignore_ament_install']
[0.227s] Level 1:colcon.colcon_core.package_identification:_identify(install) by extension 'ignore'
[0.227s] Level 1:colcon.colcon_core.package_identification:_identify(install) ignored
[0.227s] Level 1:colcon.colcon_core.package_identification:_identify(log) by extensions ['ignore', 'ignore_ament_install']
[0.227s] Level 1:colcon.colcon_core.package_identification:_identify(log) by extension 'ignore'
[0.227s] Level 1:colcon.colcon_core.package_identification:_identify(log) ignored
[0.227s] Level 1:colcon.colcon_core.package_identification:_identify(src) by extensions ['ignore', 'ignore_ament_install']
[0.227s] Level 1:colcon.colcon_core.package_identification:_identify(src) by extension 'ignore'
[0.227s] Level 1:colcon.colcon_core.package_identification:_identify(src) by extension 'ignore_ament_install'
[0.227s] Level 1:colcon.colcon_core.package_identification:_identify(src) by extensions ['colcon_pkg']
[0.227s] Level 1:colcon.colcon_core.package_identification:_identify(src) by extension 'colcon_pkg'
[0.227s] Level 1:colcon.colcon_core.package_identification:_identify(src) by extensions ['colcon_meta']
[0.228s] Level 1:colcon.colcon_core.package_identification:_identify(src) by extension 'colcon_meta'
[0.228s] Level 1:colcon.colcon_core.package_identification:_identify(src) by extensions ['ros']
[0.228s] Level 1:colcon.colcon_core.package_identification:_identify(src) by extension 'ros'
[0.228s] Level 1:colcon.colcon_core.package_identification:_identify(src) by extensions ['cmake', 'python']
[0.228s] Level 1:colcon.colcon_core.package_identification:_identify(src) by extension 'cmake'
[0.228s] Level 1:colcon.colcon_core.package_identification:_identify(src) by extension 'python'
[0.228s] Level 1:colcon.colcon_core.package_identification:_identify(src) by extensions ['python_setup_py']
[0.228s] Level 1:colcon.colcon_core.package_identification:_identify(src) by extension 'python_setup_py'
[0.228s] Level 1:colcon.colcon_core.package_identification:_identify(src/perception) by extensions ['ignore', 'ignore_ament_install']
[0.228s] Level 1:colcon.colcon_core.package_identification:_identify(src/perception) by extension 'ignore'
[0.228s] Level 1:colcon.colcon_core.package_identification:_identify(src/perception) by extension 'ignore_ament_install'
[0.228s] Level 1:colcon.colcon_core.package_identification:_identify(src/perception) by extensions ['colcon_pkg']
[0.228s] Level 1:colcon.colcon_core.package_identification:_identify(src/perception) by extension 'colcon_pkg'
[0.228s] Level 1:colcon.colcon_core.package_identification:_identify(src/perception) by extensions ['colcon_meta']
[0.228s] Level 1:colcon.colcon_core.package_identification:_identify(src/perception) by extension 'colcon_meta'
[0.228s] Level 1:colcon.colcon_core.package_identification:_identify(src/perception) by extensions ['ros']
[0.228s] Level 1:colcon.colcon_core.package_identification:_identify(src/perception) by extension 'ros'
[0.230s] DEBUG:colcon.colcon_core.package_identification:Package 'src/perception' with type 'ros.ament_python' and name 'perception'
[0.230s] Level 1:colcon.colcon_core.package_identification:_identify(yolov5) by extensions ['ignore', 'ignore_ament_install']
[0.230s] Level 1:colcon.colcon_core.package_identification:_identify(yolov5) by extension 'ignore'
[0.230s] Level 1:colcon.colcon_core.package_identification:_identify(yolov5) by extension 'ignore_ament_install'
[0.230s] Level 1:colcon.colcon_core.package_identification:_identify(yolov5) by extensions ['colcon_pkg']
[0.230s] Level 1:colcon.colcon_core.package_identification:_identify(yolov5) by extension 'colcon_pkg'
[0.230s] Level 1:colcon.colcon_core.package_identification:_identify(yolov5) by extensions ['colcon_meta']
[0.230s] Level 1:colcon.colcon_core.package_identification:_identify(yolov5) by extension 'colcon_meta'
[0.230s] Level 1:colcon.colcon_core.package_identification:_identify(yolov5) by extensions ['ros']
[0.230s] Level 1:colcon.colcon_core.package_identification:_identify(yolov5) by extension 'ros'
[0.230s] Level 1:colcon.colcon_core.package_identification:_identify(yolov5) by extensions ['cmake', 'python']
[0.230s] Level 1:colcon.colcon_core.package_identification:_identify(yolov5) by extension 'cmake'
[0.230s] Level 1:colcon.colcon_core.package_identification:_identify(yolov5) by extension 'python'
[0.230s] Level 1:colcon.colcon_core.package_identification:_identify(yolov5) by extensions ['python_setup_py']
[0.230s] Level 1:colcon.colcon_core.package_identification:_identify(yolov5) by extension 'python_setup_py'
[0.231s] Level 1:colcon.colcon_core.package_identification:_identify(yolov5/__pycache__) by extensions ['ignore', 'ignore_ament_install']
[0.231s] Level 1:colcon.colcon_core.package_identification:_identify(yolov5/__pycache__) by extension 'ignore'
[0.231s] Level 1:colcon.colcon_core.package_identification:_identify(yolov5/__pycache__) by extension 'ignore_ament_install'
[0.231s] Level 1:colcon.colcon_core.package_identification:_identify(yolov5/__pycache__) by extensions ['colcon_pkg']
[0.231s] Level 1:colcon.colcon_core.package_identification:_identify(yolov5/__pycache__) by extension 'colcon_pkg'
[0.231s] Level 1:colcon.colcon_core.package_identification:_identify(yolov5/__pycache__) by extensions ['colcon_meta']
[0.231s] Level 1:colcon.colcon_core.package_identification:_identify(yolov5/__pycache__) by extension 'colcon_meta'
[0.231s] Level 1:colcon.colcon_core.package_identification:_identify(yolov5/__pycache__) by extensions ['ros']
[0.231s] Level 1:colcon.colcon_core.package_identification:_identify(yolov5/__pycache__) by extension 'ros'
[0.231s] Level 1:colcon.colcon_core.package_identification:_identify(yolov5/__pycache__) by extensions ['cmake', 'python']
[0.231s] Level 1:colcon.colcon_core.package_identification:_identify(yolov5/__pycache__) by extension 'cmake'
[0.231s] Level 1:colcon.colcon_core.package_identification:_identify(yolov5/__pycache__) by extension 'python'
[0.231s] Level 1:colcon.colcon_core.package_identification:_identify(yolov5/__pycache__) by extensions ['python_setup_py']
[0.231s] Level 1:colcon.colcon_core.package_identification:_identify(yolov5/__pycache__) by extension 'python_setup_py'
[0.231s] Level 1:colcon.colcon_core.package_identification:_identify(yolov5/classify) by extensions ['ignore', 'ignore_ament_install']
[0.231s] Level 1:colcon.colcon_core.package_identification:_identify(yolov5/classify) by extension 'ignore'
[0.231s] Level 1:colcon.colcon_core.package_identification:_identify(yolov5/classify) by extension 'ignore_ament_install'
[0.231s] Level 1:colcon.colcon_core.package_identification:_identify(yolov5/classify) by extensions ['colcon_pkg']
[0.231s] Level 1:colcon.colcon_core.package_identification:_identify(yolov5/classify) by extension 'colcon_pkg'
[0.231s] Level 1:colcon.colcon_core.package_identification:_identify(yolov5/classify) by extensions ['colcon_meta']
[0.231s] Level 1:colcon.colcon_core.package_identification:_identify(yolov5/classify) by extension 'colcon_meta'
[0.231s] Level 1:colcon.colcon_core.package_identification:_identify(yolov5/classify) by extensions ['ros']
[0.231s] Level 1:colcon.colcon_core.package_identification:_identify(yolov5/classify) by extension 'ros'
[0.231s] Level 1:colcon.colcon_core.package_identification:_identify(yolov5/classify) by extensions ['cmake', 'python']
[0.231s] Level 1:colcon.colcon_core.package_identification:_identify(yolov5/classify) by extension 'cmake'
[0.231s] Level 1:colcon.colcon_core.package_identification:_identify(yolov5/classify) by extension 'python'
[0.231s] Level 1:colcon.colcon_core.package_identification:_identify(yolov5/classify) by extensions ['python_setup_py']
[0.231s] Level 1:colcon.colcon_core.package_identification:_identify(yolov5/classify) by extension 'python_setup_py'
[0.231s] Level 1:colcon.colcon_core.package_identification:_identify(yolov5/data) by extensions ['ignore', 'ignore_ament_install']
[0.231s] Level 1:colcon.colcon_core.package_identification:_identify(yolov5/data) by extension 'ignore'
[0.231s] Level 1:colcon.colcon_core.package_identification:_identify(yolov5/data) by extension 'ignore_ament_install'
[0.231s] Level 1:colcon.colcon_core.package_identification:_identify(yolov5/data) by extensions ['colcon_pkg']
[0.231s] Level 1:colcon.colcon_core.package_identification:_identify(yolov5/data) by extension 'colcon_pkg'
[0.231s] Level 1:colcon.colcon_core.package_identification:_identify(yolov5/data) by extensions ['colcon_meta']
[0.231s] Level 1:colcon.colcon_core.package_identification:_identify(yolov5/data) by extension 'colcon_meta'
[0.231s] Level 1:colcon.colcon_core.package_identification:_identify(yolov5/data) by extensions ['ros']
[0.231s] Level 1:colcon.colcon_core.package_identification:_identify(yolov5/data) by extension 'ros'
[0.232s] Level 1:colcon.colcon_core.package_identification:_identify(yolov5/data) by extensions ['cmake', 'python']
[0.232s] Level 1:colcon.colcon_core.package_identification:_identify(yolov5/data) by extension 'cmake'
[0.232s] Level 1:colcon.colcon_core.package_identification:_identify(yolov5/data) by extension 'python'
[0.232s] Level 1:colcon.colcon_core.package_identification:_identify(yolov5/data) by extensions ['python_setup_py']
[0.232s] Level 1:colcon.colcon_core.package_identification:_identify(yolov5/data) by extension 'python_setup_py'
[0.232s] Level 1:colcon.colcon_core.package_identification:_identify(yolov5/data/hyps) by extensions ['ignore', 'ignore_ament_install']
[0.232s] Level 1:colcon.colcon_core.package_identification:_identify(yolov5/data/hyps) by extension 'ignore'
[0.232s] Level 1:colcon.colcon_core.package_identification:_identify(yolov5/data/hyps) by extension 'ignore_ament_install'
[0.232s] Level 1:colcon.colcon_core.package_identification:_identify(yolov5/data/hyps) by extensions ['colcon_pkg']
[0.232s] Level 1:colcon.colcon_core.package_identification:_identify(yolov5/data/hyps) by extension 'colcon_pkg'
[0.232s] Level 1:colcon.colcon_core.package_identification:_identify(yolov5/data/hyps) by extensions ['colcon_meta']
[0.232s] Level 1:colcon.colcon_core.package_identification:_identify(yolov5/data/hyps) by extension 'colcon_meta'
[0.232s] Level 1:colcon.colcon_core.package_identification:_identify(yolov5/data/hyps) by extensions ['ros']
[0.232s] Level 1:colcon.colcon_core.package_identification:_identify(yolov5/data/hyps) by extension 'ros'
[0.232s] Level 1:colcon.colcon_core.package_identification:_identify(yolov5/data/hyps) by extensions ['cmake', 'python']
[0.232s] Level 1:colcon.colcon_core.package_identification:_identify(yolov5/data/hyps) by extension 'cmake'
[0.232s] Level 1:colcon.colcon_core.package_identification:_identify(yolov5/data/hyps) by extension 'python'
[0.232s] Level 1:colcon.colcon_core.package_identification:_identify(yolov5/data/hyps) by extensions ['python_setup_py']
[0.232s] Level 1:colcon.colcon_core.package_identification:_identify(yolov5/data/hyps) by extension 'python_setup_py'
[0.232s] Level 1:colcon.colcon_core.package_identification:_identify(yolov5/data/images) by extensions ['ignore', 'ignore_ament_install']
[0.232s] Level 1:colcon.colcon_core.package_identification:_identify(yolov5/data/images) by extension 'ignore'
[0.232s] Level 1:colcon.colcon_core.package_identification:_identify(yolov5/data/images) by extension 'ignore_ament_install'
[0.232s] Level 1:colcon.colcon_core.package_identification:_identify(yolov5/data/images) by extensions ['colcon_pkg']
[0.232s] Level 1:colcon.colcon_core.package_identification:_identify(yolov5/data/images) by extension 'colcon_pkg'
[0.232s] Level 1:colcon.colcon_core.package_identification:_identify(yolov5/data/images) by extensions ['colcon_meta']
[0.232s] Level 1:colcon.colcon_core.package_identification:_identify(yolov5/data/images) by extension 'colcon_meta'
[0.232s] Level 1:colcon.colcon_core.package_identification:_identify(yolov5/data/images) by extensions ['ros']
[0.232s] Level 1:colcon.colcon_core.package_identification:_identify(yolov5/data/images) by extension 'ros'
[0.232s] Level 1:colcon.colcon_core.package_identification:_identify(yolov5/data/images) by extensions ['cmake', 'python']
[0.232s] Level 1:colcon.colcon_core.package_identification:_identify(yolov5/data/images) by extension 'cmake'
[0.232s] Level 1:colcon.colcon_core.package_identification:_identify(yolov5/data/images) by extension 'python'
[0.232s] Level 1:colcon.colcon_core.package_identification:_identify(yolov5/data/images) by extensions ['python_setup_py']
[0.232s] Level 1:colcon.colcon_core.package_identification:_identify(yolov5/data/images) by extension 'python_setup_py'
[0.232s] Level 1:colcon.colcon_core.package_identification:_identify(yolov5/data/scripts) by extensions ['ignore', 'ignore_ament_install']
[0.232s] Level 1:colcon.colcon_core.package_identification:_identify(yolov5/data/scripts) by extension 'ignore'
[0.232s] Level 1:colcon.colcon_core.package_identification:_identify(yolov5/data/scripts) by extension 'ignore_ament_install'
[0.232s] Level 1:colcon.colcon_core.package_identification:_identify(yolov5/data/scripts) by extensions ['colcon_pkg']
[0.232s] Level 1:colcon.colcon_core.package_identification:_identify(yolov5/data/scripts) by extension 'colcon_pkg'
[0.232s] Level 1:colcon.colcon_core.package_identification:_identify(yolov5/data/scripts) by extensions ['colcon_meta']
[0.232s] Level 1:colcon.colcon_core.package_identification:_identify(yolov5/data/scripts) by extension 'colcon_meta'
[0.233s] Level 1:colcon.colcon_core.package_identification:_identify(yolov5/data/scripts) by extensions ['ros']
[0.233s] Level 1:colcon.colcon_core.package_identification:_identify(yolov5/data/scripts) by extension 'ros'
[0.233s] Level 1:colcon.colcon_core.package_identification:_identify(yolov5/data/scripts) by extensions ['cmake', 'python']
[0.233s] Level 1:colcon.colcon_core.package_identification:_identify(yolov5/data/scripts) by extension 'cmake'
[0.233s] Level 1:colcon.colcon_core.package_identification:_identify(yolov5/data/scripts) by extension 'python'
[0.233s] Level 1:colcon.colcon_core.package_identification:_identify(yolov5/data/scripts) by extensions ['python_setup_py']
[0.233s] Level 1:colcon.colcon_core.package_identification:_identify(yolov5/data/scripts) by extension 'python_setup_py'
[0.233s] Level 1:colcon.colcon_core.package_identification:_identify(yolov5/models) by extensions ['ignore', 'ignore_ament_install']
[0.233s] Level 1:colcon.colcon_core.package_identification:_identify(yolov5/models) by extension 'ignore'
[0.233s] Level 1:colcon.colcon_core.package_identification:_identify(yolov5/models) by extension 'ignore_ament_install'
[0.233s] Level 1:colcon.colcon_core.package_identification:_identify(yolov5/models) by extensions ['colcon_pkg']
[0.233s] Level 1:colcon.colcon_core.package_identification:_identify(yolov5/models) by extension 'colcon_pkg'
[0.233s] Level 1:colcon.colcon_core.package_identification:_identify(yolov5/models) by extensions ['colcon_meta']
[0.233s] Level 1:colcon.colcon_core.package_identification:_identify(yolov5/models) by extension 'colcon_meta'
[0.233s] Level 1:colcon.colcon_core.package_identification:_identify(yolov5/models) by extensions ['ros']
[0.233s] Level 1:colcon.colcon_core.package_identification:_identify(yolov5/models) by extension 'ros'
[0.233s] Level 1:colcon.colcon_core.package_identification:_identify(yolov5/models) by extensions ['cmake', 'python']
[0.233s] Level 1:colcon.colcon_core.package_identification:_identify(yolov5/models) by extension 'cmake'
[0.233s] Level 1:colcon.colcon_core.package_identification:_identify(yolov5/models) by extension 'python'
[0.233s] Level 1:colcon.colcon_core.package_identification:_identify(yolov5/models) by extensions ['python_setup_py']
[0.233s] Level 1:colcon.colcon_core.package_identification:_identify(yolov5/models) by extension 'python_setup_py'
[0.233s] Level 1:colcon.colcon_core.package_identification:_identify(yolov5/models/__pycache__) by extensions ['ignore', 'ignore_ament_install']
[0.233s] Level 1:colcon.colcon_core.package_identification:_identify(yolov5/models/__pycache__) by extension 'ignore'
[0.233s] Level 1:colcon.colcon_core.package_identification:_identify(yolov5/models/__pycache__) by extension 'ignore_ament_install'
[0.233s] Level 1:colcon.colcon_core.package_identification:_identify(yolov5/models/__pycache__) by extensions ['colcon_pkg']
[0.233s] Level 1:colcon.colcon_core.package_identification:_identify(yolov5/models/__pycache__) by extension 'colcon_pkg'
[0.233s] Level 1:colcon.colcon_core.package_identification:_identify(yolov5/models/__pycache__) by extensions ['colcon_meta']
[0.233s] Level 1:colcon.colcon_core.package_identification:_identify(yolov5/models/__pycache__) by extension 'colcon_meta'
[0.233s] Level 1:colcon.colcon_core.package_identification:_identify(yolov5/models/__pycache__) by extensions ['ros']
[0.233s] Level 1:colcon.colcon_core.package_identification:_identify(yolov5/models/__pycache__) by extension 'ros'
[0.233s] Level 1:colcon.colcon_core.package_identification:_identify(yolov5/models/__pycache__) by extensions ['cmake', 'python']
[0.233s] Level 1:colcon.colcon_core.package_identification:_identify(yolov5/models/__pycache__) by extension 'cmake'
[0.233s] Level 1:colcon.colcon_core.package_identification:_identify(yolov5/models/__pycache__) by extension 'python'
[0.233s] Level 1:colcon.colcon_core.package_identification:_identify(yolov5/models/__pycache__) by extensions ['python_setup_py']
[0.233s] Level 1:colcon.colcon_core.package_identification:_identify(yolov5/models/__pycache__) by extension 'python_setup_py'
[0.233s] Level 1:colcon.colcon_core.package_identification:_identify(yolov5/models/hub) by extensions ['ignore', 'ignore_ament_install']
[0.233s] Level 1:colcon.colcon_core.package_identification:_identify(yolov5/models/hub) by extension 'ignore'
[0.233s] Level 1:colcon.colcon_core.package_identification:_identify(yolov5/models/hub) by extension 'ignore_ament_install'
[0.233s] Level 1:colcon.colcon_core.package_identification:_identify(yolov5/models/hub) by extensions ['colcon_pkg']
[0.233s] Level 1:colcon.colcon_core.package_identification:_identify(yolov5/models/hub) by extension 'colcon_pkg'
[0.233s] Level 1:colcon.colcon_core.package_identification:_identify(yolov5/models/hub) by extensions ['colcon_meta']
[0.233s] Level 1:colcon.colcon_core.package_identification:_identify(yolov5/models/hub) by extension 'colcon_meta'
[0.233s] Level 1:colcon.colcon_core.package_identification:_identify(yolov5/models/hub) by extensions ['ros']
[0.233s] Level 1:colcon.colcon_core.package_identification:_identify(yolov5/models/hub) by extension 'ros'
[0.233s] Level 1:colcon.colcon_core.package_identification:_identify(yolov5/models/hub) by extensions ['cmake', 'python']
[0.233s] Level 1:colcon.colcon_core.package_identification:_identify(yolov5/models/hub) by extension 'cmake'
[0.233s] Level 1:colcon.colcon_core.package_identification:_identify(yolov5/models/hub) by extension 'python'
[0.233s] Level 1:colcon.colcon_core.package_identification:_identify(yolov5/models/hub) by extensions ['python_setup_py']
[0.233s] Level 1:colcon.colcon_core.package_identification:_identify(yolov5/models/hub) by extension 'python_setup_py'
[0.233s] Level 1:colcon.colcon_core.package_identification:_identify(yolov5/models/segment) by extensions ['ignore', 'ignore_ament_install']
[0.233s] Level 1:colcon.colcon_core.package_identification:_identify(yolov5/models/segment) by extension 'ignore'
[0.234s] Level 1:colcon.colcon_core.package_identification:_identify(yolov5/models/segment) by extension 'ignore_ament_install'
[0.234s] Level 1:colcon.colcon_core.package_identification:_identify(yolov5/models/segment) by extensions ['colcon_pkg']
[0.234s] Level 1:colcon.colcon_core.package_identification:_identify(yolov5/models/segment) by extension 'colcon_pkg'
[0.234s] Level 1:colcon.colcon_core.package_identification:_identify(yolov5/models/segment) by extensions ['colcon_meta']
[0.234s] Level 1:colcon.colcon_core.package_identification:_identify(yolov5/models/segment) by extension 'colcon_meta'
[0.234s] Level 1:colcon.colcon_core.package_identification:_identify(yolov5/models/segment) by extensions ['ros']
[0.234s] Level 1:colcon.colcon_core.package_identification:_identify(yolov5/models/segment) by extension 'ros'
[0.234s] Level 1:colcon.colcon_core.package_identification:_identify(yolov5/models/segment) by extensions ['cmake', 'python']
[0.234s] Level 1:colcon.colcon_core.package_identification:_identify(yolov5/models/segment) by extension 'cmake'
[0.234s] Level 1:colcon.colcon_core.package_identification:_identify(yolov5/models/segment) by extension 'python'
[0.234s] Level 1:colcon.colcon_core.package_identification:_identify(yolov5/models/segment) by extensions ['python_setup_py']
[0.234s] Level 1:colcon.colcon_core.package_identification:_identify(yolov5/models/segment) by extension 'python_setup_py'
[0.234s] Level 1:colcon.colcon_core.package_identification:_identify(yolov5/segment) by extensions ['ignore', 'ignore_ament_install']
[0.234s] Level 1:colcon.colcon_core.package_identification:_identify(yolov5/segment) by extension 'ignore'
[0.234s] Level 1:colcon.colcon_core.package_identification:_identify(yolov5/segment) by extension 'ignore_ament_install'
[0.234s] Level 1:colcon.colcon_core.package_identification:_identify(yolov5/segment) by extensions ['colcon_pkg']
[0.234s] Level 1:colcon.colcon_core.package_identification:_identify(yolov5/segment) by extension 'colcon_pkg'
[0.234s] Level 1:colcon.colcon_core.package_identification:_identify(yolov5/segment) by extensions ['colcon_meta']
[0.234s] Level 1:colcon.colcon_core.package_identification:_identify(yolov5/segment) by extension 'colcon_meta'
[0.234s] Level 1:colcon.colcon_core.package_identification:_identify(yolov5/segment) by extensions ['ros']
[0.234s] Level 1:colcon.colcon_core.package_identification:_identify(yolov5/segment) by extension 'ros'
[0.234s] Level 1:colcon.colcon_core.package_identification:_identify(yolov5/segment) by extensions ['cmake', 'python']
[0.234s] Level 1:colcon.colcon_core.package_identification:_identify(yolov5/segment) by extension 'cmake'
[0.234s] Level 1:colcon.colcon_core.package_identification:_identify(yolov5/segment) by extension 'python'
[0.234s] Level 1:colcon.colcon_core.package_identification:_identify(yolov5/segment) by extensions ['python_setup_py']
[0.234s] Level 1:colcon.colcon_core.package_identification:_identify(yolov5/segment) by extension 'python_setup_py'
[0.234s] Level 1:colcon.colcon_core.package_identification:_identify(yolov5/utils) by extensions ['ignore', 'ignore_ament_install']
[0.234s] Level 1:colcon.colcon_core.package_identification:_identify(yolov5/utils) by extension 'ignore'
[0.234s] Level 1:colcon.colcon_core.package_identification:_identify(yolov5/utils) by extension 'ignore_ament_install'
[0.234s] Level 1:colcon.colcon_core.package_identification:_identify(yolov5/utils) by extensions ['colcon_pkg']
[0.234s] Level 1:colcon.colcon_core.package_identification:_identify(yolov5/utils) by extension 'colcon_pkg'
[0.234s] Level 1:colcon.colcon_core.package_identification:_identify(yolov5/utils) by extensions ['colcon_meta']
[0.234s] Level 1:colcon.colcon_core.package_identification:_identify(yolov5/utils) by extension 'colcon_meta'
[0.234s] Level 1:colcon.colcon_core.package_identification:_identify(yolov5/utils) by extensions ['ros']
[0.234s] Level 1:colcon.colcon_core.package_identification:_identify(yolov5/utils) by extension 'ros'
[0.234s] Level 1:colcon.colcon_core.package_identification:_identify(yolov5/utils) by extensions ['cmake', 'python']
[0.234s] Level 1:colcon.colcon_core.package_identification:_identify(yolov5/utils) by extension 'cmake'
[0.234s] Level 1:colcon.colcon_core.package_identification:_identify(yolov5/utils) by extension 'python'
[0.234s] Level 1:colcon.colcon_core.package_identification:_identify(yolov5/utils) by extensions ['python_setup_py']
[0.234s] Level 1:colcon.colcon_core.package_identification:_identify(yolov5/utils) by extension 'python_setup_py'
[0.234s] Level 1:colcon.colcon_core.package_identification:_identify(yolov5/utils/__pycache__) by extensions ['ignore', 'ignore_ament_install']
[0.234s] Level 1:colcon.colcon_core.package_identification:_identify(yolov5/utils/__pycache__) by extension 'ignore'
[0.234s] Level 1:colcon.colcon_core.package_identification:_identify(yolov5/utils/__pycache__) by extension 'ignore_ament_install'
[0.234s] Level 1:colcon.colcon_core.package_identification:_identify(yolov5/utils/__pycache__) by extensions ['colcon_pkg']
[0.234s] Level 1:colcon.colcon_core.package_identification:_identify(yolov5/utils/__pycache__) by extension 'colcon_pkg'
[0.234s] Level 1:colcon.colcon_core.package_identification:_identify(yolov5/utils/__pycache__) by extensions ['colcon_meta']
[0.234s] Level 1:colcon.colcon_core.package_identification:_identify(yolov5/utils/__pycache__) by extension 'colcon_meta'
[0.234s] Level 1:colcon.colcon_core.package_identification:_identify(yolov5/utils/__pycache__) by extensions ['ros']
[0.234s] Level 1:colcon.colcon_core.package_identification:_identify(yolov5/utils/__pycache__) by extension 'ros'
[0.234s] Level 1:colcon.colcon_core.package_identification:_identify(yolov5/utils/__pycache__) by extensions ['cmake', 'python']
[0.235s] Level 1:colcon.colcon_core.package_identification:_identify(yolov5/utils/__pycache__) by extension 'cmake'
[0.235s] Level 1:colcon.colcon_core.package_identification:_identify(yolov5/utils/__pycache__) by extension 'python'
[0.235s] Level 1:colcon.colcon_core.package_identification:_identify(yolov5/utils/__pycache__) by extensions ['python_setup_py']
[0.235s] Level 1:colcon.colcon_core.package_identification:_identify(yolov5/utils/__pycache__) by extension 'python_setup_py'
[0.235s] Level 1:colcon.colcon_core.package_identification:_identify(yolov5/utils/aws) by extensions ['ignore', 'ignore_ament_install']
[0.235s] Level 1:colcon.colcon_core.package_identification:_identify(yolov5/utils/aws) by extension 'ignore'
[0.235s] Level 1:colcon.colcon_core.package_identification:_identify(yolov5/utils/aws) by extension 'ignore_ament_install'
[0.235s] Level 1:colcon.colcon_core.package_identification:_identify(yolov5/utils/aws) by extensions ['colcon_pkg']
[0.235s] Level 1:colcon.colcon_core.package_identification:_identify(yolov5/utils/aws) by extension 'colcon_pkg'
[0.235s] Level 1:colcon.colcon_core.package_identification:_identify(yolov5/utils/aws) by extensions ['colcon_meta']
[0.235s] Level 1:colcon.colcon_core.package_identification:_identify(yolov5/utils/aws) by extension 'colcon_meta'
[0.235s] Level 1:colcon.colcon_core.package_identification:_identify(yolov5/utils/aws) by extensions ['ros']
[0.235s] Level 1:colcon.colcon_core.package_identification:_identify(yolov5/utils/aws) by extension 'ros'
[0.235s] Level 1:colcon.colcon_core.package_identification:_identify(yolov5/utils/aws) by extensions ['cmake', 'python']
[0.235s] Level 1:colcon.colcon_core.package_identification:_identify(yolov5/utils/aws) by extension 'cmake'
[0.235s] Level 1:colcon.colcon_core.package_identification:_identify(yolov5/utils/aws) by extension 'python'
[0.235s] Level 1:colcon.colcon_core.package_identification:_identify(yolov5/utils/aws) by extensions ['python_setup_py']
[0.235s] Level 1:colcon.colcon_core.package_identification:_identify(yolov5/utils/aws) by extension 'python_setup_py'
[0.235s] Level 1:colcon.colcon_core.package_identification:_identify(yolov5/utils/docker) by extensions ['ignore', 'ignore_ament_install']
[0.235s] Level 1:colcon.colcon_core.package_identification:_identify(yolov5/utils/docker) by extension 'ignore'
[0.235s] Level 1:colcon.colcon_core.package_identification:_identify(yolov5/utils/docker) by extension 'ignore_ament_install'
[0.235s] Level 1:colcon.colcon_core.package_identification:_identify(yolov5/utils/docker) by extensions ['colcon_pkg']
[0.235s] Level 1:colcon.colcon_core.package_identification:_identify(yolov5/utils/docker) by extension 'colcon_pkg'
[0.235s] Level 1:colcon.colcon_core.package_identification:_identify(yolov5/utils/docker) by extensions ['colcon_meta']
[0.235s] Level 1:colcon.colcon_core.package_identification:_identify(yolov5/utils/docker) by extension 'colcon_meta'
[0.235s] Level 1:colcon.colcon_core.package_identification:_identify(yolov5/utils/docker) by extensions ['ros']
[0.235s] Level 1:colcon.colcon_core.package_identification:_identify(yolov5/utils/docker) by extension 'ros'
[0.235s] Level 1:colcon.colcon_core.package_identification:_identify(yolov5/utils/docker) by extensions ['cmake', 'python']
[0.235s] Level 1:colcon.colcon_core.package_identification:_identify(yolov5/utils/docker) by extension 'cmake'
[0.235s] Level 1:colcon.colcon_core.package_identification:_identify(yolov5/utils/docker) by extension 'python'
[0.235s] Level 1:colcon.colcon_core.package_identification:_identify(yolov5/utils/docker) by extensions ['python_setup_py']
[0.235s] Level 1:colcon.colcon_core.package_identification:_identify(yolov5/utils/docker) by extension 'python_setup_py'
[0.235s] Level 1:colcon.colcon_core.package_identification:_identify(yolov5/utils/flask_rest_api) by extensions ['ignore', 'ignore_ament_install']
[0.235s] Level 1:colcon.colcon_core.package_identification:_identify(yolov5/utils/flask_rest_api) by extension 'ignore'
[0.235s] Level 1:colcon.colcon_core.package_identification:_identify(yolov5/utils/flask_rest_api) by extension 'ignore_ament_install'
[0.235s] Level 1:colcon.colcon_core.package_identification:_identify(yolov5/utils/flask_rest_api) by extensions ['colcon_pkg']
[0.235s] Level 1:colcon.colcon_core.package_identification:_identify(yolov5/utils/flask_rest_api) by extension 'colcon_pkg'
[0.235s] Level 1:colcon.colcon_core.package_identification:_identify(yolov5/utils/flask_rest_api) by extensions ['colcon_meta']
[0.235s] Level 1:colcon.colcon_core.package_identification:_identify(yolov5/utils/flask_rest_api) by extension 'colcon_meta'
[0.235s] Level 1:colcon.colcon_core.package_identification:_identify(yolov5/utils/flask_rest_api) by extensions ['ros']
[0.235s] Level 1:colcon.colcon_core.package_identification:_identify(yolov5/utils/flask_rest_api) by extension 'ros'
[0.235s] Level 1:colcon.colcon_core.package_identification:_identify(yolov5/utils/flask_rest_api) by extensions ['cmake', 'python']
[0.235s] Level 1:colcon.colcon_core.package_identification:_identify(yolov5/utils/flask_rest_api) by extension 'cmake'
[0.235s] Level 1:colcon.colcon_core.package_identification:_identify(yolov5/utils/flask_rest_api) by extension 'python'
[0.235s] Level 1:colcon.colcon_core.package_identification:_identify(yolov5/utils/flask_rest_api) by extensions ['python_setup_py']
[0.235s] Level 1:colcon.colcon_core.package_identification:_identify(yolov5/utils/flask_rest_api) by extension 'python_setup_py'
[0.235s] Level 1:colcon.colcon_core.package_identification:_identify(yolov5/utils/google_app_engine) by extensions ['ignore', 'ignore_ament_install']
[0.235s] Level 1:colcon.colcon_core.package_identification:_identify(yolov5/utils/google_app_engine) by extension 'ignore'
[0.235s] Level 1:colcon.colcon_core.package_identification:_identify(yolov5/utils/google_app_engine) by extension 'ignore_ament_install'
[0.235s] Level 1:colcon.colcon_core.package_identification:_identify(yolov5/utils/google_app_engine) by extensions ['colcon_pkg']
[0.235s] Level 1:colcon.colcon_core.package_identification:_identify(yolov5/utils/google_app_engine) by extension 'colcon_pkg'
[0.235s] Level 1:colcon.colcon_core.package_identification:_identify(yolov5/utils/google_app_engine) by extensions ['colcon_meta']
[0.235s] Level 1:colcon.colcon_core.package_identification:_identify(yolov5/utils/google_app_engine) by extension 'colcon_meta'
[0.235s] Level 1:colcon.colcon_core.package_identification:_identify(yolov5/utils/google_app_engine) by extensions ['ros']
[0.235s] Level 1:colcon.colcon_core.package_identification:_identify(yolov5/utils/google_app_engine) by extension 'ros'
[0.235s] Level 1:colcon.colcon_core.package_identification:_identify(yolov5/utils/google_app_engine) by extensions ['cmake', 'python']
[0.235s] Level 1:colcon.colcon_core.package_identification:_identify(yolov5/utils/google_app_engine) by extension 'cmake'
[0.236s] Level 1:colcon.colcon_core.package_identification:_identify(yolov5/utils/google_app_engine) by extension 'python'
[0.236s] Level 1:colcon.colcon_core.package_identification:_identify(yolov5/utils/google_app_engine) by extensions ['python_setup_py']
[0.236s] Level 1:colcon.colcon_core.package_identification:_identify(yolov5/utils/google_app_engine) by extension 'python_setup_py'
[0.236s] Level 1:colcon.colcon_core.package_identification:_identify(yolov5/utils/loggers) by extensions ['ignore', 'ignore_ament_install']
[0.236s] Level 1:colcon.colcon_core.package_identification:_identify(yolov5/utils/loggers) by extension 'ignore'
[0.236s] Level 1:colcon.colcon_core.package_identification:_identify(yolov5/utils/loggers) by extension 'ignore_ament_install'
[0.236s] Level 1:colcon.colcon_core.package_identification:_identify(yolov5/utils/loggers) by extensions ['colcon_pkg']
[0.236s] Level 1:colcon.colcon_core.package_identification:_identify(yolov5/utils/loggers) by extension 'colcon_pkg'
[0.236s] Level 1:colcon.colcon_core.package_identification:_identify(yolov5/utils/loggers) by extensions ['colcon_meta']
[0.236s] Level 1:colcon.colcon_core.package_identification:_identify(yolov5/utils/loggers) by extension 'colcon_meta'
[0.236s] Level 1:colcon.colcon_core.package_identification:_identify(yolov5/utils/loggers) by extensions ['ros']
[0.236s] Level 1:colcon.colcon_core.package_identification:_identify(yolov5/utils/loggers) by extension 'ros'
[0.236s] Level 1:colcon.colcon_core.package_identification:_identify(yolov5/utils/loggers) by extensions ['cmake', 'python']
[0.236s] Level 1:colcon.colcon_core.package_identification:_identify(yolov5/utils/loggers) by extension 'cmake'
[0.236s] Level 1:colcon.colcon_core.package_identification:_identify(yolov5/utils/loggers) by extension 'python'
[0.236s] Level 1:colcon.colcon_core.package_identification:_identify(yolov5/utils/loggers) by extensions ['python_setup_py']
[0.236s] Level 1:colcon.colcon_core.package_identification:_identify(yolov5/utils/loggers) by extension 'python_setup_py'
[0.236s] Level 1:colcon.colcon_core.package_identification:_identify(yolov5/utils/loggers/clearml) by extensions ['ignore', 'ignore_ament_install']
[0.236s] Level 1:colcon.colcon_core.package_identification:_identify(yolov5/utils/loggers/clearml) by extension 'ignore'
[0.236s] Level 1:colcon.colcon_core.package_identification:_identify(yolov5/utils/loggers/clearml) by extension 'ignore_ament_install'
[0.236s] Level 1:colcon.colcon_core.package_identification:_identify(yolov5/utils/loggers/clearml) by extensions ['colcon_pkg']
[0.236s] Level 1:colcon.colcon_core.package_identification:_identify(yolov5/utils/loggers/clearml) by extension 'colcon_pkg'
[0.236s] Level 1:colcon.colcon_core.package_identification:_identify(yolov5/utils/loggers/clearml) by extensions ['colcon_meta']
[0.236s] Level 1:colcon.colcon_core.package_identification:_identify(yolov5/utils/loggers/clearml) by extension 'colcon_meta'
[0.236s] Level 1:colcon.colcon_core.package_identification:_identify(yolov5/utils/loggers/clearml) by extensions ['ros']
[0.236s] Level 1:colcon.colcon_core.package_identification:_identify(yolov5/utils/loggers/clearml) by extension 'ros'
[0.236s] Level 1:colcon.colcon_core.package_identification:_identify(yolov5/utils/loggers/clearml) by extensions ['cmake', 'python']
[0.236s] Level 1:colcon.colcon_core.package_identification:_identify(yolov5/utils/loggers/clearml) by extension 'cmake'
[0.236s] Level 1:colcon.colcon_core.package_identification:_identify(yolov5/utils/loggers/clearml) by extension 'python'
[0.236s] Level 1:colcon.colcon_core.package_identification:_identify(yolov5/utils/loggers/clearml) by extensions ['python_setup_py']
[0.236s] Level 1:colcon.colcon_core.package_identification:_identify(yolov5/utils/loggers/clearml) by extension 'python_setup_py'
[0.236s] Level 1:colcon.colcon_core.package_identification:_identify(yolov5/utils/loggers/comet) by extensions ['ignore', 'ignore_ament_install']
[0.236s] Level 1:colcon.colcon_core.package_identification:_identify(yolov5/utils/loggers/comet) by extension 'ignore'
[0.236s] Level 1:colcon.colcon_core.package_identification:_identify(yolov5/utils/loggers/comet) by extension 'ignore_ament_install'
[0.236s] Level 1:colcon.colcon_core.package_identification:_identify(yolov5/utils/loggers/comet) by extensions ['colcon_pkg']
[0.236s] Level 1:colcon.colcon_core.package_identification:_identify(yolov5/utils/loggers/comet) by extension 'colcon_pkg'
[0.236s] Level 1:colcon.colcon_core.package_identification:_identify(yolov5/utils/loggers/comet) by extensions ['colcon_meta']
[0.236s] Level 1:colcon.colcon_core.package_identification:_identify(yolov5/utils/loggers/comet) by extension 'colcon_meta'
[0.236s] Level 1:colcon.colcon_core.package_identification:_identify(yolov5/utils/loggers/comet) by extensions ['ros']
[0.236s] Level 1:colcon.colcon_core.package_identification:_identify(yolov5/utils/loggers/comet) by extension 'ros'
[0.236s] Level 1:colcon.colcon_core.package_identification:_identify(yolov5/utils/loggers/comet) by extensions ['cmake', 'python']
[0.236s] Level 1:colcon.colcon_core.package_identification:_identify(yolov5/utils/loggers/comet) by extension 'cmake'
[0.236s] Level 1:colcon.colcon_core.package_identification:_identify(yolov5/utils/loggers/comet) by extension 'python'
[0.236s] Level 1:colcon.colcon_core.package_identification:_identify(yolov5/utils/loggers/comet) by extensions ['python_setup_py']
[0.236s] Level 1:colcon.colcon_core.package_identification:_identify(yolov5/utils/loggers/comet) by extension 'python_setup_py'
[0.236s] Level 1:colcon.colcon_core.package_identification:_identify(yolov5/utils/loggers/wandb) by extensions ['ignore', 'ignore_ament_install']
[0.236s] Level 1:colcon.colcon_core.package_identification:_identify(yolov5/utils/loggers/wandb) by extension 'ignore'
[0.236s] Level 1:colcon.colcon_core.package_identification:_identify(yolov5/utils/loggers/wandb) by extension 'ignore_ament_install'
[0.236s] Level 1:colcon.colcon_core.package_identification:_identify(yolov5/utils/loggers/wandb) by extensions ['colcon_pkg']
[0.236s] Level 1:colcon.colcon_core.package_identification:_identify(yolov5/utils/loggers/wandb) by extension 'colcon_pkg'
[0.236s] Level 1:colcon.colcon_core.package_identification:_identify(yolov5/utils/loggers/wandb) by extensions ['colcon_meta']
[0.236s] Level 1:colcon.colcon_core.package_identification:_identify(yolov5/utils/loggers/wandb) by extension 'colcon_meta'
[0.236s] Level 1:colcon.colcon_core.package_identification:_identify(yolov5/utils/loggers/wandb) by extensions ['ros']
[0.236s] Level 1:colcon.colcon_core.package_identification:_identify(yolov5/utils/loggers/wandb) by extension 'ros'
[0.236s] Level 1:colcon.colcon_core.package_identification:_identify(yolov5/utils/loggers/wandb) by extensions ['cmake', 'python']
[0.236s] Level 1:colcon.colcon_core.package_identification:_identify(yolov5/utils/loggers/wandb) by extension 'cmake'
[0.236s] Level 1:colcon.colcon_core.package_identification:_identify(yolov5/utils/loggers/wandb) by extension 'python'
[0.237s] Level 1:colcon.colcon_core.package_identification:_identify(yolov5/utils/loggers/wandb) by extensions ['python_setup_py']
[0.237s] Level 1:colcon.colcon_core.package_identification:_identify(yolov5/utils/loggers/wandb) by extension 'python_setup_py'
[0.237s] Level 1:colcon.colcon_core.package_identification:_identify(yolov5/utils/segment) by extensions ['ignore', 'ignore_ament_install']
[0.237s] Level 1:colcon.colcon_core.package_identification:_identify(yolov5/utils/segment) by extension 'ignore'
[0.237s] Level 1:colcon.colcon_core.package_identification:_identify(yolov5/utils/segment) by extension 'ignore_ament_install'
[0.237s] Level 1:colcon.colcon_core.package_identification:_identify(yolov5/utils/segment) by extensions ['colcon_pkg']
[0.237s] Level 1:colcon.colcon_core.package_identification:_identify(yolov5/utils/segment) by extension 'colcon_pkg'
[0.237s] Level 1:colcon.colcon_core.package_identification:_identify(yolov5/utils/segment) by extensions ['colcon_meta']
[0.237s] Level 1:colcon.colcon_core.package_identification:_identify(yolov5/utils/segment) by extension 'colcon_meta'
[0.237s] Level 1:colcon.colcon_core.package_identification:_identify(yolov5/utils/segment) by extensions ['ros']
[0.237s] Level 1:colcon.colcon_core.package_identification:_identify(yolov5/utils/segment) by extension 'ros'
[0.237s] Level 1:colcon.colcon_core.package_identification:_identify(yolov5/utils/segment) by extensions ['cmake', 'python']
[0.237s] Level 1:colcon.colcon_core.package_identification:_identify(yolov5/utils/segment) by extension 'cmake'
[0.237s] Level 1:colcon.colcon_core.package_identification:_identify(yolov5/utils/segment) by extension 'python'
[0.237s] Level 1:colcon.colcon_core.package_identification:_identify(yolov5/utils/segment) by extensions ['python_setup_py']
[0.237s] Level 1:colcon.colcon_core.package_identification:_identify(yolov5/utils/segment) by extension 'python_setup_py'
[0.237s] Level 1:colcon.colcon_core.package_discovery:discover_packages(recursive) using defaults
[0.237s] Level 1:colcon.colcon_core.package_discovery:discover_packages(ignore) discover
[0.237s] Level 1:colcon.colcon_core.package_discovery:discover_packages(ignore) using defaults
[0.237s] Level 1:colcon.colcon_core.package_discovery:discover_packages(path) discover
[0.237s] Level 1:colcon.colcon_core.package_discovery:discover_packages(path) using defaults
[0.266s] Level 1:colcon.colcon_core.package_discovery:discover_packages(prefix_path) check parameters
[0.266s] Level 1:colcon.colcon_core.package_discovery:discover_packages(prefix_path) discover
[0.268s] DEBUG:colcon.colcon_installed_package_information.package_discovery:Found 0 installed packages in /home/pedro/perception_ws/install
[0.268s] Level 1:colcon.colcon_core.package_discovery:discover_packages(prefix_path) using defaults
[0.269s] Level 5:colcon.colcon_core.verb:set package 'perception' build argument 'cmake_args' from command line to 'None'
[0.269s] Level 5:colcon.colcon_core.verb:set package 'perception' build argument 'cmake_target' from command line to 'None'
[0.269s] Level 5:colcon.colcon_core.verb:set package 'perception' build argument 'cmake_target_skip_unavailable' from command line to 'False'
[0.269s] Level 5:colcon.colcon_core.verb:set package 'perception' build argument 'cmake_clean_cache' from command line to 'False'
[0.269s] Level 5:colcon.colcon_core.verb:set package 'perception' build argument 'cmake_clean_first' from command line to 'False'
[0.269s] Level 5:colcon.colcon_core.verb:set package 'perception' build argument 'cmake_force_configure' from command line to 'False'
[0.269s] Level 5:colcon.colcon_core.verb:set package 'perception' build argument 'ament_cmake_args' from command line to 'None'
[0.269s] Level 5:colcon.colcon_core.verb:set package 'perception' build argument 'catkin_cmake_args' from command line to 'None'
[0.269s] Level 5:colcon.colcon_core.verb:set package 'perception' build argument 'catkin_skip_building_tests' from command line to 'False'
[0.269s] DEBUG:colcon.colcon_core.verb:Building package 'perception' with the following arguments: {'ament_cmake_args': None, 'build_base': '/home/pedro/perception_ws/build/perception', 'catkin_cmake_args': None, 'catkin_skip_building_tests': False, 'cmake_args': None, 'cmake_clean_cache': False, 'cmake_clean_first': False, 'cmake_force_configure': False, 'cmake_target': None, 'cmake_target_skip_unavailable': False, 'install_base': '/home/pedro/perception_ws/install/perception', 'merge_install': False, 'path': '/home/pedro/perception_ws/src/perception', 'symlink_install': False, 'test_result_base': None}
[0.269s] INFO:colcon.colcon_core.executor:Executing jobs using 'parallel' executor
[0.271s] DEBUG:colcon.colcon_parallel_executor.executor.parallel:run_until_complete
[0.271s] INFO:colcon.colcon_ros.task.ament_python.build:Building ROS package in '/home/pedro/perception_ws/src/perception' with build type 'ament_python'
[0.271s] Level 1:colcon.colcon_core.shell:create_environment_hook('perception', 'ament_prefix_path')
[0.273s] INFO:colcon.colcon_core.plugin_system:Skipping extension 'colcon_core.shell.bat': Not used on non-Windows systems
[0.273s] INFO:colcon.colcon_core.shell:Creating environment hook '/home/pedro/perception_ws/install/perception/share/perception/hook/ament_prefix_path.ps1'
[0.273s] INFO:colcon.colcon_core.shell:Creating environment descriptor '/home/pedro/perception_ws/install/perception/share/perception/hook/ament_prefix_path.dsv'
[0.274s] INFO:colcon.colcon_core.shell:Creating environment hook '/home/pedro/perception_ws/install/perception/share/perception/hook/ament_prefix_path.sh'
[0.274s] INFO:colcon.colcon_core.shell:Skip shell extension 'powershell' for command environment: Not usable outside of PowerShell
[0.274s] DEBUG:colcon.colcon_core.shell:Skip shell extension 'dsv' for command environment
[0.417s] INFO:colcon.colcon_core.task.python.build:Building Python package in '/home/pedro/perception_ws/src/perception'
[0.418s] INFO:colcon.colcon_core.shell:Skip shell extension 'powershell' for command environment: Not usable outside of PowerShell
[0.418s] DEBUG:colcon.colcon_core.shell:Skip shell extension 'dsv' for command environment
[0.661s] DEBUG:colcon.colcon_core.event_handler.log_command:Invoking command in '/home/pedro/perception_ws/src/perception': PYTHONPATH=/home/pedro/perception_ws/build/perception/prefix_override:/usr/lib/python3/dist-packages/colcon_core/task/python/colcon_distutils_commands:/home/pedro/perception_ws/install/perception/lib/python3.8/site-packages: /usr/bin/python3 -W ignore:setup.py install is deprecated -W ignore:easy_install command is deprecated setup.py egg_info --egg-base ../../build/perception build --build-base /home/pedro/perception_ws/build/perception/build install --record /home/pedro/perception_ws/build/perception/install.log --install-scripts $base/lib/perception --single-version-externally-managed install_data
[0.834s] DEBUG:colcon.colcon_core.event_handler.log_command:Invoked command in '/home/pedro/perception_ws/src/perception' returned '0': PYTHONPATH=/home/pedro/perception_ws/build/perception/prefix_override:/usr/lib/python3/dist-packages/colcon_core/task/python/colcon_distutils_commands:/home/pedro/perception_ws/install/perception/lib/python3.8/site-packages: /usr/bin/python3 -W ignore:setup.py install is deprecated -W ignore:easy_install command is deprecated setup.py egg_info --egg-base ../../build/perception build --build-base /home/pedro/perception_ws/build/perception/build install --record /home/pedro/perception_ws/build/perception/install.log --install-scripts $base/lib/perception --single-version-externally-managed install_data
[0.835s] Level 1:colcon.colcon_core.environment:checking '/home/pedro/perception_ws/install/perception' for CMake module files
[0.835s] Level 1:colcon.colcon_core.environment:checking '/home/pedro/perception_ws/install/perception' for CMake config files
[0.836s] Level 1:colcon.colcon_core.environment:checking '/home/pedro/perception_ws/install/perception/lib'
[0.836s] Level 1:colcon.colcon_core.environment:checking '/home/pedro/perception_ws/install/perception/bin'
[0.836s] Level 1:colcon.colcon_core.environment:checking '/home/pedro/perception_ws/install/perception/lib/pkgconfig/perception.pc'
[0.836s] Level 1:colcon.colcon_core.environment:checking '/home/pedro/perception_ws/install/perception/lib/python3.8/site-packages'
[0.836s] Level 1:colcon.colcon_core.shell:create_environment_hook('perception', 'pythonpath')
[0.836s] INFO:colcon.colcon_core.shell:Creating environment hook '/home/pedro/perception_ws/install/perception/share/perception/hook/pythonpath.ps1'
[0.836s] INFO:colcon.colcon_core.shell:Creating environment descriptor '/home/pedro/perception_ws/install/perception/share/perception/hook/pythonpath.dsv'
[0.836s] INFO:colcon.colcon_core.shell:Creating environment hook '/home/pedro/perception_ws/install/perception/share/perception/hook/pythonpath.sh'
[0.837s] Level 1:colcon.colcon_core.environment:checking '/home/pedro/perception_ws/install/perception/bin'
[0.837s] Level 1:colcon.colcon_core.environment:create_environment_scripts_only(perception)
[0.837s] INFO:colcon.colcon_core.shell:Creating package script '/home/pedro/perception_ws/install/perception/share/perception/package.ps1'
[0.837s] INFO:colcon.colcon_core.shell:Creating package descriptor '/home/pedro/perception_ws/install/perception/share/perception/package.dsv'
[0.837s] INFO:colcon.colcon_core.shell:Creating package script '/home/pedro/perception_ws/install/perception/share/perception/package.sh'
[0.838s] INFO:colcon.colcon_core.shell:Creating package script '/home/pedro/perception_ws/install/perception/share/perception/package.bash'
[0.838s] INFO:colcon.colcon_core.shell:Creating package script '/home/pedro/perception_ws/install/perception/share/perception/package.zsh'
[0.838s] Level 1:colcon.colcon_core.environment:create_file_with_runtime_dependencies(/home/pedro/perception_ws/install/perception/share/colcon-core/packages/perception)
[0.838s] DEBUG:colcon.colcon_parallel_executor.executor.parallel:closing loop
[0.839s] DEBUG:colcon.colcon_parallel_executor.executor.parallel:loop closed
[0.839s] DEBUG:colcon.colcon_parallel_executor.executor.parallel:run_until_complete finished with '0'
[0.839s] DEBUG:colcon.colcon_core.event_reactor:joining thread
[0.842s] INFO:colcon.colcon_core.plugin_system:Skipping extension 'colcon_notification.desktop_notification.terminal_notifier': Not used on non-Darwin systems
[0.842s] INFO:colcon.colcon_core.plugin_system:Skipping extension 'colcon_notification.desktop_notification.win32': Not used on non-Windows systems
[0.842s] INFO:colcon.colcon_notification.desktop_notification:Sending desktop notification using 'notify2'
[0.855s] DEBUG:colcon.colcon_core.event_reactor:joined thread
[0.855s] INFO:colcon.colcon_core.shell:Creating prefix script '/home/pedro/perception_ws/install/local_setup.ps1'
[0.856s] INFO:colcon.colcon_core.shell:Creating prefix util module '/home/pedro/perception_ws/install/_local_setup_util_ps1.py'
[0.857s] INFO:colcon.colcon_core.shell:Creating prefix chain script '/home/pedro/perception_ws/install/setup.ps1'
[0.858s] INFO:colcon.colcon_core.shell:Creating prefix script '/home/pedro/perception_ws/install/local_setup.sh'
[0.859s] INFO:colcon.colcon_core.shell:Creating prefix util module '/home/pedro/perception_ws/install/_local_setup_util_sh.py'
[0.859s] INFO:colcon.colcon_core.shell:Creating prefix chain script '/home/pedro/perception_ws/install/setup.sh'
[0.860s] INFO:colcon.colcon_core.shell:Creating prefix script '/home/pedro/perception_ws/install/local_setup.bash'
[0.860s] INFO:colcon.colcon_core.shell:Creating prefix chain script '/home/pedro/perception_ws/install/setup.bash'
[0.861s] INFO:colcon.colcon_core.shell:Creating prefix script '/home/pedro/perception_ws/install/local_setup.zsh'
[0.861s] INFO:colcon.colcon_core.shell:Creating prefix chain script '/home/pedro/perception_ws/install/setup.zsh'
