/home/pedro/perception_ws/install/perception/lib/python3.8/site-packages/perception/cone_map.py
/home/pedro/perception_ws/install/perception/lib/python3.8/site-packages/perception/processingLado.py
/home/pedro/perception_ws/install/perception/lib/python3.8/site-packages/perception/__init__.py
/home/pedro/perception_ws/install/perception/lib/python3.8/site-packages/perception/yoloTest.py
/home/pedro/perception_ws/install/perception/lib/python3.8/site-packages/perception/processing.py
/home/pedro/perception_ws/install/perception/lib/python3.8/site-packages/perception/keyboard_control.py
/home/pedro/perception_ws/install/perception/lib/python3.8/site-packages/perception/__pycache__/cone_map.cpython-38.pyc
/home/pedro/perception_ws/install/perception/lib/python3.8/site-packages/perception/__pycache__/processingLado.cpython-38.pyc
/home/pedro/perception_ws/install/perception/lib/python3.8/site-packages/perception/__pycache__/__init__.cpython-38.pyc
/home/pedro/perception_ws/install/perception/lib/python3.8/site-packages/perception/__pycache__/yoloTest.cpython-38.pyc
/home/pedro/perception_ws/install/perception/lib/python3.8/site-packages/perception/__pycache__/processing.cpython-38.pyc
/home/pedro/perception_ws/install/perception/lib/python3.8/site-packages/perception/__pycache__/keyboard_control.cpython-38.pyc
/home/pedro/perception_ws/install/perception/share/ament_index/resource_index/packages/perception
/home/pedro/perception_ws/install/perception/share/perception/package.xml
/home/pedro/perception_ws/install/perception/lib/python3.8/site-packages/perception-0.0.0-py3.8.egg-info/requires.txt
/home/pedro/perception_ws/install/perception/lib/python3.8/site-packages/perception-0.0.0-py3.8.egg-info/SOURCES.txt
/home/pedro/perception_ws/install/perception/lib/python3.8/site-packages/perception-0.0.0-py3.8.egg-info/PKG-INFO
/home/pedro/perception_ws/install/perception/lib/python3.8/site-packages/perception-0.0.0-py3.8.egg-info/dependency_links.txt
/home/pedro/perception_ws/install/perception/lib/python3.8/site-packages/perception-0.0.0-py3.8.egg-info/top_level.txt
/home/pedro/perception_ws/install/perception/lib/python3.8/site-packages/perception-0.0.0-py3.8.egg-info/entry_points.txt
/home/pedro/perception_ws/install/perception/lib/python3.8/site-packages/perception-0.0.0-py3.8.egg-info/zip-safe
/home/pedro/perception_ws/install/perception/lib/perception/cone_map
/home/pedro/perception_ws/install/perception/lib/perception/keyboard_control
/home/pedro/perception_ws/install/perception/lib/perception/processing
/home/pedro/perception_ws/install/perception/lib/perception/processing_lado
/home/pedro/perception_ws/install/perception/lib/perception/yolo_test
