/home/pedro/.local/lib/python3.8/site-packages/setuptools/dist.py:717: UserWarning: Usage of dash-separated 'script-dir' will not be supported in future versions. Please use the underscore name 'script_dir' instead
  warnings.warn(
running egg_info
writing ../../build/perception/perception.egg-info/PKG-INFO
writing dependency_links to ../../build/perception/perception.egg-info/dependency_links.txt
writing entry points to ../../build/perception/perception.egg-info/entry_points.txt
writing requirements to ../../build/perception/perception.egg-info/requires.txt
writing top-level names to ../../build/perception/perception.egg-info/top_level.txt
reading manifest file '../../build/perception/perception.egg-info/SOURCES.txt'
writing manifest file '../../build/perception/perception.egg-info/SOURCES.txt'
running build
running build_py
running install
running install_lib
running install_data
running install_egg_info
removing '/home/pedro/perception_ws/install/perception/lib/python3.8/site-packages/perception-0.0.0-py3.8.egg-info' (and everything under it)
Copying ../../build/perception/perception.egg-info to /home/pedro/perception_ws/install/perception/lib/python3.8/site-packages/perception-0.0.0-py3.8.egg-info
running install_scripts
Installing control script to /home/pedro/perception_ws/install/perception/lib/perception
Installing keyboard_control script to /home/pedro/perception_ws/install/perception/lib/perception
Installing novo_path script to /home/pedro/perception_ws/install/perception/lib/perception
Installing path_controle script to /home/pedro/perception_ws/install/perception/lib/perception
Installing path_planner script to /home/pedro/perception_ws/install/perception/lib/perception
Installing processing script to /home/pedro/perception_ws/install/perception/lib/perception
writing list of installed files to '/home/pedro/perception_ws/build/perception/install.log'
