[0.363s] Invoking command in '/home/pedro/perception_ws/src/perception': PYTHONPATH=/home/pedro/perception_ws/build/perception/prefix_override:/usr/lib/python3/dist-packages/colcon_core/task/python/colcon_distutils_commands:/home/pedro/perception_ws/install/perception/lib/python3.8/site-packages:${PYTHONPATH} /usr/bin/python3 -W ignore:setup.py install is deprecated -W ignore:easy_install command is deprecated setup.py egg_info --egg-base ../../build/perception build --build-base /home/pedro/perception_ws/build/perception/build install --record /home/pedro/perception_ws/build/perception/install.log --install-scripts $base/lib/perception --single-version-externally-managed install_data
[0.472s] /home/pedro/.local/lib/python3.8/site-packages/setuptools/dist.py:717: UserWarning: Usage of dash-separated 'script-dir' will not be supported in future versions. Please use the underscore name 'script_dir' instead
[0.472s]   warnings.warn(
[0.484s] running egg_info
[0.484s] writing ../../build/perception/perception.egg-info/PKG-INFO
[0.484s] writing dependency_links to ../../build/perception/perception.egg-info/dependency_links.txt
[0.484s] writing entry points to ../../build/perception/perception.egg-info/entry_points.txt
[0.484s] writing requirements to ../../build/perception/perception.egg-info/requires.txt
[0.485s] writing top-level names to ../../build/perception/perception.egg-info/top_level.txt
[0.486s] reading manifest file '../../build/perception/perception.egg-info/SOURCES.txt'
[0.486s] writing manifest file '../../build/perception/perception.egg-info/SOURCES.txt'
[0.486s] running build
[0.486s] running build_py
[0.486s] copying perception/control.py -> /home/pedro/perception_ws/build/perception/build/lib/perception
[0.486s] running install
[0.487s] running install_lib
[0.487s] copying /home/pedro/perception_ws/build/perception/build/lib/perception/control.py -> /home/pedro/perception_ws/install/perception/lib/python3.8/site-packages/perception
[0.488s] byte-compiling /home/pedro/perception_ws/install/perception/lib/python3.8/site-packages/perception/control.py to control.cpython-38.pyc
[0.488s] running install_data
[0.488s] running install_egg_info
[0.489s] removing '/home/pedro/perception_ws/install/perception/lib/python3.8/site-packages/perception-0.0.0-py3.8.egg-info' (and everything under it)
[0.489s] Copying ../../build/perception/perception.egg-info to /home/pedro/perception_ws/install/perception/lib/python3.8/site-packages/perception-0.0.0-py3.8.egg-info
[0.490s] running install_scripts
[0.499s] Installing control script to /home/pedro/perception_ws/install/perception/lib/perception
[0.499s] Installing keyboard_control script to /home/pedro/perception_ws/install/perception/lib/perception
[0.499s] Installing novo_path script to /home/pedro/perception_ws/install/perception/lib/perception
[0.499s] Installing path_control script to /home/pedro/perception_ws/install/perception/lib/perception
[0.500s] Installing path_planner script to /home/pedro/perception_ws/install/perception/lib/perception
[0.500s] Installing processing script to /home/pedro/perception_ws/install/perception/lib/perception
[0.500s] writing list of installed files to '/home/pedro/perception_ws/build/perception/install.log'
[0.512s] Invoked command in '/home/pedro/perception_ws/src/perception' returned '0': PYTHONPATH=/home/pedro/perception_ws/build/perception/prefix_override:/usr/lib/python3/dist-packages/colcon_core/task/python/colcon_distutils_commands:/home/pedro/perception_ws/install/perception/lib/python3.8/site-packages:${PYTHONPATH} /usr/bin/python3 -W ignore:setup.py install is deprecated -W ignore:easy_install command is deprecated setup.py egg_info --egg-base ../../build/perception build --build-base /home/pedro/perception_ws/build/perception/build install --record /home/pedro/perception_ws/build/perception/install.log --install-scripts $base/lib/perception --single-version-externally-managed install_data
