[0.390s] Invoking command in '/home/pedro/perception_ws/src/perception': PYTHONPATH=/home/pedro/perception_ws/build/perception/prefix_override:/usr/lib/python3/dist-packages/colcon_core/task/python/colcon_distutils_commands:/home/pedro/perception_ws/install/perception/lib/python3.8/site-packages: /usr/bin/python3 -W ignore:setup.py install is deprecated -W ignore:easy_install command is deprecated setup.py egg_info --egg-base ../../build/perception build --build-base /home/pedro/perception_ws/build/perception/build install --record /home/pedro/perception_ws/build/perception/install.log --install-scripts $base/lib/perception --single-version-externally-managed install_data
[0.496s] /home/pedro/.local/lib/python3.8/site-packages/setuptools/dist.py:717: UserWarning: Usage of dash-separated 'script-dir' will not be supported in future versions. Please use the underscore name 'script_dir' instead
[0.496s]   warnings.warn(
[0.510s] running egg_info
[0.510s] creating ../../build/perception/perception.egg-info
[0.510s] writing ../../build/perception/perception.egg-info/PKG-INFO
[0.510s] writing dependency_links to ../../build/perception/perception.egg-info/dependency_links.txt
[0.510s] writing entry points to ../../build/perception/perception.egg-info/entry_points.txt
[0.511s] writing requirements to ../../build/perception/perception.egg-info/requires.txt
[0.511s] writing top-level names to ../../build/perception/perception.egg-info/top_level.txt
[0.511s] writing manifest file '../../build/perception/perception.egg-info/SOURCES.txt'
[0.512s] reading manifest file '../../build/perception/perception.egg-info/SOURCES.txt'
[0.512s] writing manifest file '../../build/perception/perception.egg-info/SOURCES.txt'
[0.512s] running build
[0.512s] running build_py
[0.512s] creating /home/pedro/perception_ws/build/perception/build
[0.512s] creating /home/pedro/perception_ws/build/perception/build/lib
[0.512s] creating /home/pedro/perception_ws/build/perception/build/lib/perception
[0.513s] copying perception/cone_map.py -> /home/pedro/perception_ws/build/perception/build/lib/perception
[0.513s] copying perception/processingLado.py -> /home/pedro/perception_ws/build/perception/build/lib/perception
[0.513s] copying perception/__init__.py -> /home/pedro/perception_ws/build/perception/build/lib/perception
[0.513s] copying perception/yoloTest.py -> /home/pedro/perception_ws/build/perception/build/lib/perception
[0.513s] copying perception/processing.py -> /home/pedro/perception_ws/build/perception/build/lib/perception
[0.513s] copying perception/keyboard_control.py -> /home/pedro/perception_ws/build/perception/build/lib/perception
[0.513s] running install
[0.513s] running install_lib
[0.514s] creating /home/pedro/perception_ws/install/perception/lib/python3.8/site-packages/perception
[0.514s] copying /home/pedro/perception_ws/build/perception/build/lib/perception/cone_map.py -> /home/pedro/perception_ws/install/perception/lib/python3.8/site-packages/perception
[0.514s] copying /home/pedro/perception_ws/build/perception/build/lib/perception/processingLado.py -> /home/pedro/perception_ws/install/perception/lib/python3.8/site-packages/perception
[0.514s] copying /home/pedro/perception_ws/build/perception/build/lib/perception/__init__.py -> /home/pedro/perception_ws/install/perception/lib/python3.8/site-packages/perception
[0.514s] copying /home/pedro/perception_ws/build/perception/build/lib/perception/yoloTest.py -> /home/pedro/perception_ws/install/perception/lib/python3.8/site-packages/perception
[0.514s] copying /home/pedro/perception_ws/build/perception/build/lib/perception/processing.py -> /home/pedro/perception_ws/install/perception/lib/python3.8/site-packages/perception
[0.514s] copying /home/pedro/perception_ws/build/perception/build/lib/perception/keyboard_control.py -> /home/pedro/perception_ws/install/perception/lib/python3.8/site-packages/perception
[0.514s] byte-compiling /home/pedro/perception_ws/install/perception/lib/python3.8/site-packages/perception/cone_map.py to cone_map.cpython-38.pyc
[0.515s] byte-compiling /home/pedro/perception_ws/install/perception/lib/python3.8/site-packages/perception/processingLado.py to processingLado.cpython-38.pyc
[0.515s] byte-compiling /home/pedro/perception_ws/install/perception/lib/python3.8/site-packages/perception/__init__.py to __init__.cpython-38.pyc
[0.515s] byte-compiling /home/pedro/perception_ws/install/perception/lib/python3.8/site-packages/perception/yoloTest.py to yoloTest.cpython-38.pyc
[0.516s] byte-compiling /home/pedro/perception_ws/install/perception/lib/python3.8/site-packages/perception/processing.py to processing.cpython-38.pyc
[0.516s] byte-compiling /home/pedro/perception_ws/install/perception/lib/python3.8/site-packages/perception/keyboard_control.py to keyboard_control.cpython-38.pyc
[0.517s] running install_data
[0.517s] creating /home/pedro/perception_ws/install/perception/share/ament_index
[0.517s] creating /home/pedro/perception_ws/install/perception/share/ament_index/resource_index
[0.517s] creating /home/pedro/perception_ws/install/perception/share/ament_index/resource_index/packages
[0.517s] copying resource/perception -> /home/pedro/perception_ws/install/perception/share/ament_index/resource_index/packages
[0.517s] copying package.xml -> /home/pedro/perception_ws/install/perception/share/perception
[0.517s] running install_egg_info
[0.518s] Copying ../../build/perception/perception.egg-info to /home/pedro/perception_ws/install/perception/lib/python3.8/site-packages/perception-0.0.0-py3.8.egg-info
[0.519s] running install_scripts
[0.532s] Installing cone_map script to /home/pedro/perception_ws/install/perception/lib/perception
[0.532s] Installing keyboard_control script to /home/pedro/perception_ws/install/perception/lib/perception
[0.532s] Installing processing script to /home/pedro/perception_ws/install/perception/lib/perception
[0.532s] Installing processing_lado script to /home/pedro/perception_ws/install/perception/lib/perception
[0.532s] Installing yolo_test script to /home/pedro/perception_ws/install/perception/lib/perception
[0.532s] writing list of installed files to '/home/pedro/perception_ws/build/perception/install.log'
[0.563s] Invoked command in '/home/pedro/perception_ws/src/perception' returned '0': PYTHONPATH=/home/pedro/perception_ws/build/perception/prefix_override:/usr/lib/python3/dist-packages/colcon_core/task/python/colcon_distutils_commands:/home/pedro/perception_ws/install/perception/lib/python3.8/site-packages: /usr/bin/python3 -W ignore:setup.py install is deprecated -W ignore:easy_install command is deprecated setup.py egg_info --egg-base ../../build/perception build --build-base /home/pedro/perception_ws/build/perception/build install --record /home/pedro/perception_ws/build/perception/install.log --install-scripts $base/lib/perception --single-version-externally-managed install_data
