[0.552s] Invoking command in '/home/pedro/perception_ws/src/perception': PYTHONPATH=/home/pedro/perception_ws/build/perception/prefix_override:/usr/lib/python3/dist-packages/colcon_core/task/python/colcon_distutils_commands:/home/pedro/perception_ws/install/perception/lib/python3.8/site-packages:${PYTHONPATH} /usr/bin/python3 -W ignore:setup.py install is deprecated -W ignore:easy_install command is deprecated setup.py egg_info --egg-base ../../build/perception build --build-base /home/pedro/perception_ws/build/perception/build install --record /home/pedro/perception_ws/build/perception/install.log --install-scripts $base/lib/perception --single-version-externally-managed install_data
[0.719s] /home/pedro/.local/lib/python3.8/site-packages/setuptools/dist.py:717: UserWarning: Usage of dash-separated 'script-dir' will not be supported in future versions. Please use the underscore name 'script_dir' instead
[0.720s]   warnings.warn(
[0.736s] running egg_info
[0.736s] creating ../../build/perception/perception.egg-info
[0.737s] writing ../../build/perception/perception.egg-info/PKG-INFO
[0.737s] writing dependency_links to ../../build/perception/perception.egg-info/dependency_links.txt
[0.737s] writing entry points to ../../build/perception/perception.egg-info/entry_points.txt
[0.737s] writing requirements to ../../build/perception/perception.egg-info/requires.txt
[0.737s] writing top-level names to ../../build/perception/perception.egg-info/top_level.txt
[0.738s] writing manifest file '../../build/perception/perception.egg-info/SOURCES.txt'
[0.739s] reading manifest file '../../build/perception/perception.egg-info/SOURCES.txt'
[0.740s] writing manifest file '../../build/perception/perception.egg-info/SOURCES.txt'
[0.740s] running build
[0.740s] running build_py
[0.740s] creating /home/pedro/perception_ws/build/perception/build
[0.740s] creating /home/pedro/perception_ws/build/perception/build/lib
[0.740s] creating /home/pedro/perception_ws/build/perception/build/lib/perception
[0.740s] copying perception/__init__.py -> /home/pedro/perception_ws/build/perception/build/lib/perception
[0.740s] copying perception/path_control.py -> /home/pedro/perception_ws/build/perception/build/lib/perception
[0.740s] copying perception/control.py -> /home/pedro/perception_ws/build/perception/build/lib/perception
[0.740s] copying perception/path_planner.py -> /home/pedro/perception_ws/build/perception/build/lib/perception
[0.740s] copying perception/planning_2026.py -> /home/pedro/perception_ws/build/perception/build/lib/perception
[0.740s] copying perception/processing_original.py -> /home/pedro/perception_ws/build/perception/build/lib/perception
[0.740s] copying perception/processing.py -> /home/pedro/perception_ws/build/perception/build/lib/perception
[0.740s] copying perception/keyboard_control.py -> /home/pedro/perception_ws/build/perception/build/lib/perception
[0.740s] copying perception/novo_path.py -> /home/pedro/perception_ws/build/perception/build/lib/perception
[0.740s] running install
[0.741s] running install_lib
[0.741s] creating /home/pedro/perception_ws/install/perception/lib/python3.8/site-packages/perception
[0.741s] copying /home/pedro/perception_ws/build/perception/build/lib/perception/__init__.py -> /home/pedro/perception_ws/install/perception/lib/python3.8/site-packages/perception
[0.741s] copying /home/pedro/perception_ws/build/perception/build/lib/perception/path_control.py -> /home/pedro/perception_ws/install/perception/lib/python3.8/site-packages/perception
[0.741s] copying /home/pedro/perception_ws/build/perception/build/lib/perception/control.py -> /home/pedro/perception_ws/install/perception/lib/python3.8/site-packages/perception
[0.742s] copying /home/pedro/perception_ws/build/perception/build/lib/perception/path_planner.py -> /home/pedro/perception_ws/install/perception/lib/python3.8/site-packages/perception
[0.742s] copying /home/pedro/perception_ws/build/perception/build/lib/perception/planning_2026.py -> /home/pedro/perception_ws/install/perception/lib/python3.8/site-packages/perception
[0.742s] copying /home/pedro/perception_ws/build/perception/build/lib/perception/processing_original.py -> /home/pedro/perception_ws/install/perception/lib/python3.8/site-packages/perception
[0.742s] copying /home/pedro/perception_ws/build/perception/build/lib/perception/processing.py -> /home/pedro/perception_ws/install/perception/lib/python3.8/site-packages/perception
[0.742s] copying /home/pedro/perception_ws/build/perception/build/lib/perception/keyboard_control.py -> /home/pedro/perception_ws/install/perception/lib/python3.8/site-packages/perception
[0.742s] copying /home/pedro/perception_ws/build/perception/build/lib/perception/novo_path.py -> /home/pedro/perception_ws/install/perception/lib/python3.8/site-packages/perception
[0.742s] byte-compiling /home/pedro/perception_ws/install/perception/lib/python3.8/site-packages/perception/__init__.py to __init__.cpython-38.pyc
[0.742s] byte-compiling /home/pedro/perception_ws/install/perception/lib/python3.8/site-packages/perception/path_control.py to path_control.cpython-38.pyc
[0.743s] byte-compiling /home/pedro/perception_ws/install/perception/lib/python3.8/site-packages/perception/control.py to control.cpython-38.pyc
[0.743s] byte-compiling /home/pedro/perception_ws/install/perception/lib/python3.8/site-packages/perception/path_planner.py to path_planner.cpython-38.pyc
[0.744s] byte-compiling /home/pedro/perception_ws/install/perception/lib/python3.8/site-packages/perception/planning_2026.py to planning_2026.cpython-38.pyc
[0.744s] byte-compiling /home/pedro/perception_ws/install/perception/lib/python3.8/site-packages/perception/processing_original.py to processing_original.cpython-38.pyc
[0.744s] byte-compiling /home/pedro/perception_ws/install/perception/lib/python3.8/site-packages/perception/processing.py to processing.cpython-38.pyc
[0.745s] byte-compiling /home/pedro/perception_ws/install/perception/lib/python3.8/site-packages/perception/keyboard_control.py to keyboard_control.cpython-38.pyc
[0.745s] byte-compiling /home/pedro/perception_ws/install/perception/lib/python3.8/site-packages/perception/novo_path.py to novo_path.cpython-38.pyc
[0.746s] running install_data
[0.746s] creating /home/pedro/perception_ws/install/perception/share/ament_index
[0.746s] creating /home/pedro/perception_ws/install/perception/share/ament_index/resource_index
[0.746s] creating /home/pedro/perception_ws/install/perception/share/ament_index/resource_index/packages
[0.746s] copying resource/perception -> /home/pedro/perception_ws/install/perception/share/ament_index/resource_index/packages
[0.746s] copying package.xml -> /home/pedro/perception_ws/install/perception/share/perception
[0.746s] running install_egg_info
[0.747s] Copying ../../build/perception/perception.egg-info to /home/pedro/perception_ws/install/perception/lib/python3.8/site-packages/perception-0.0.0-py3.8.egg-info
[0.747s] running install_scripts
[0.759s] Installing control script to /home/pedro/perception_ws/install/perception/lib/perception
[0.759s] Installing keyboard_control script to /home/pedro/perception_ws/install/perception/lib/perception
[0.759s] Installing novo_path script to /home/pedro/perception_ws/install/perception/lib/perception
[0.759s] Installing path_control script to /home/pedro/perception_ws/install/perception/lib/perception
[0.759s] Installing path_planner script to /home/pedro/perception_ws/install/perception/lib/perception
[0.759s] Installing planning_2026 script to /home/pedro/perception_ws/install/perception/lib/perception
[0.759s] Installing processing script to /home/pedro/perception_ws/install/perception/lib/perception
[0.759s] writing list of installed files to '/home/pedro/perception_ws/build/perception/install.log'
[0.777s] Invoked command in '/home/pedro/perception_ws/src/perception' returned '0': PYTHONPATH=/home/pedro/perception_ws/build/perception/prefix_override:/usr/lib/python3/dist-packages/colcon_core/task/python/colcon_distutils_commands:/home/pedro/perception_ws/install/perception/lib/python3.8/site-packages:${PYTHONPATH} /usr/bin/python3 -W ignore:setup.py install is deprecated -W ignore:easy_install command is deprecated setup.py egg_info --egg-base ../../build/perception build --build-base /home/pedro/perception_ws/build/perception/build install --record /home/pedro/perception_ws/build/perception/install.log --install-scripts $base/lib/perception --single-version-externally-managed install_data
