/home/pedro/perception_ws/install/perception/lib/python3.8/site-packages/perception/__init__.py
/home/pedro/perception_ws/install/perception/lib/python3.8/site-packages/perception/path_control.py
/home/pedro/perception_ws/install/perception/lib/python3.8/site-packages/perception/control.py
/home/pedro/perception_ws/install/perception/lib/python3.8/site-packages/perception/path_planner.py
/home/pedro/perception_ws/install/perception/lib/python3.8/site-packages/perception/processing_original.py
/home/pedro/perception_ws/install/perception/lib/python3.8/site-packages/perception/processing.py
/home/pedro/perception_ws/install/perception/lib/python3.8/site-packages/perception/keyboard_control.py
/home/pedro/perception_ws/install/perception/lib/python3.8/site-packages/perception/novo_path.py
/home/pedro/perception_ws/install/perception/lib/python3.8/site-packages/perception/__pycache__/__init__.cpython-38.pyc
/home/pedro/perception_ws/install/perception/lib/python3.8/site-packages/perception/__pycache__/path_control.cpython-38.pyc
/home/pedro/perception_ws/install/perception/lib/python3.8/site-packages/perception/__pycache__/control.cpython-38.pyc
/home/pedro/perception_ws/install/perception/lib/python3.8/site-packages/perception/__pycache__/path_planner.cpython-38.pyc
/home/pedro/perception_ws/install/perception/lib/python3.8/site-packages/perception/__pycache__/processing_original.cpython-38.pyc
/home/pedro/perception_ws/install/perception/lib/python3.8/site-packages/perception/__pycache__/processing.cpython-38.pyc
/home/pedro/perception_ws/install/perception/lib/python3.8/site-packages/perception/__pycache__/keyboard_control.cpython-38.pyc
/home/pedro/perception_ws/install/perception/lib/python3.8/site-packages/perception/__pycache__/novo_path.cpython-38.pyc
/home/pedro/perception_ws/install/perception/share/ament_index/resource_index/packages/perception
/home/pedro/perception_ws/install/perception/share/perception/package.xml
/home/pedro/perception_ws/install/perception/lib/python3.8/site-packages/perception-0.0.0-py3.8.egg-info/requires.txt
/home/pedro/perception_ws/install/perception/lib/python3.8/site-packages/perception-0.0.0-py3.8.egg-info/SOURCES.txt
/home/pedro/perception_ws/install/perception/lib/python3.8/site-packages/perception-0.0.0-py3.8.egg-info/PKG-INFO
/home/pedro/perception_ws/install/perception/lib/python3.8/site-packages/perception-0.0.0-py3.8.egg-info/dependency_links.txt
/home/pedro/perception_ws/install/perception/lib/python3.8/site-packages/perception-0.0.0-py3.8.egg-info/top_level.txt
/home/pedro/perception_ws/install/perception/lib/python3.8/site-packages/perception-0.0.0-py3.8.egg-info/entry_points.txt
/home/pedro/perception_ws/install/perception/lib/python3.8/site-packages/perception-0.0.0-py3.8.egg-info/zip-safe
/home/pedro/perception_ws/install/perception/lib/perception/control
/home/pedro/perception_ws/install/perception/lib/perception/keyboard_control
/home/pedro/perception_ws/install/perception/lib/perception/novo_path
/home/pedro/perception_ws/install/perception/lib/perception/path_control
/home/pedro/perception_ws/install/perception/lib/perception/path_planner
/home/pedro/perception_ws/install/perception/lib/perception/processing
